[2025-12-05T19:59:33.311-0500][gc] Using G1
[2025-12-05T19:59:33.323-0500][gc,init] Version: 17.0.17+10-Ubuntu-124.04 (release)
[2025-12-05T19:59:33.323-0500][gc,init] CPUs: 12 total, 12 available
[2025-12-05T19:59:33.323-0500][gc,init] Memory: 15529M
[2025-12-05T19:59:33.323-0500][gc,init] Large Page Support: Disabled
[2025-12-05T19:59:33.323-0500][gc,init] NUMA Support: Disabled
[2025-12-05T19:59:33.323-0500][gc,init] Compressed Oops: Enabled (32-bit)
[2025-12-05T19:59:33.324-0500][gc,init] Heap Region Size: 1M
[2025-12-05T19:59:33.324-0500][gc,init] Heap Min Capacity: 1G
[2025-12-05T19:59:33.324-0500][gc,init] Heap Initial Capacity: 1G
[2025-12-05T19:59:33.324-0500][gc,init] Heap Max Capacity: 1G
[2025-12-05T19:59:33.324-0500][gc,init] Pre-touch: Disabled
[2025-12-05T19:59:33.324-0500][gc,init] Parallel Workers: 10
[2025-12-05T19:59:33.324-0500][gc,init] Concurrent Workers: 3
[2025-12-05T19:59:33.325-0500][gc,init] Concurrent Refinement Workers: 10
[2025-12-05T19:59:33.325-0500][gc,init] Periodic GC: Disabled
[2025-12-05T19:59:33.331-0500][gc,metaspace] CDS archive(s) mapped at: [0x00007c76d7000000-0x00007c76d7bca000-0x00007c76d7bca000), size 12361728, SharedBaseAddress: 0x00007c76d7000000, ArchiveRelocationMode: 1.
[2025-12-05T19:59:33.331-0500][gc,metaspace] Compressed class space mapped at: 0x00007c76d8000000-0x00007c7718000000, reserved size: 1073741824
[2025-12-05T19:59:33.332-0500][gc,metaspace] Narrow klass base: 0x00007c76d7000000, Narrow klass shift: 0, Narrow klass range: 0x100000000
[2025-12-05T19:59:34.833-0500][gc,start    ] GC(0) Pause Young (Normal) (G1 Evacuation Pause)
[2025-12-05T19:59:34.834-0500][gc,task     ] GC(0) Using 10 workers of 10 for evacuation
[2025-12-05T19:59:34.838-0500][gc,phases   ] GC(0)   Pre Evacuate Collection Set: 0.2ms
[2025-12-05T19:59:34.839-0500][gc,phases   ] GC(0)   Merge Heap Roots: 0.3ms
[2025-12-05T19:59:34.839-0500][gc,phases   ] GC(0)   Evacuate Collection Set: 2.8ms
[2025-12-05T19:59:34.839-0500][gc,phases   ] GC(0)   Post Evacuate Collection Set: 0.5ms
[2025-12-05T19:59:34.839-0500][gc,phases   ] GC(0)   Other: 1.5ms
[2025-12-05T19:59:34.839-0500][gc,heap     ] GC(0) Eden regions: 51->0(44)
[2025-12-05T19:59:34.839-0500][gc,heap     ] GC(0) Survivor regions: 0->7(7)
[2025-12-05T19:59:34.839-0500][gc,heap     ] GC(0) Old regions: 0->2
[2025-12-05T19:59:34.839-0500][gc,heap     ] GC(0) Archive regions: 2->2
[2025-12-05T19:59:34.840-0500][gc,heap     ] GC(0) Humongous regions: 0->0
[2025-12-05T19:59:34.840-0500][gc,metaspace] GC(0) Metaspace: 16546K(16704K)->16546K(16704K) NonClass: 14623K(14720K)->14623K(14720K) Class: 1922K(1984K)->1922K(1984K)
[2025-12-05T19:59:34.840-0500][gc          ] GC(0) Pause Young (Normal) (G1 Evacuation Pause) 51M->9M(1024M) 6.632ms
[2025-12-05T19:59:34.840-0500][gc,cpu      ] GC(0) User=0.01s Sys=0.01s Real=0.01s
[2025-12-05T19:59:35.078-0500][gc,start    ] GC(1) Pause Young (Concurrent Start) (Metadata GC Threshold)
[2025-12-05T19:59:35.078-0500][gc,task     ] GC(1) Using 10 workers of 10 for evacuation
[2025-12-05T19:59:35.082-0500][gc,phases   ] GC(1)   Pre Evacuate Collection Set: 0.2ms
[2025-12-05T19:59:35.082-0500][gc,phases   ] GC(1)   Merge Heap Roots: 0.1ms
[2025-12-05T19:59:35.082-0500][gc,phases   ] GC(1)   Evacuate Collection Set: 2.1ms
[2025-12-05T19:59:35.082-0500][gc,phases   ] GC(1)   Post Evacuate Collection Set: 0.5ms
[2025-12-05T19:59:35.082-0500][gc,phases   ] GC(1)   Other: 0.4ms
[2025-12-05T19:59:35.082-0500][gc,heap     ] GC(1) Eden regions: 16->0(49)
[2025-12-05T19:59:35.082-0500][gc,heap     ] GC(1) Survivor regions: 7->2(7)
[2025-12-05T19:59:35.082-0500][gc,heap     ] GC(1) Old regions: 2->9
[2025-12-05T19:59:35.083-0500][gc,heap     ] GC(1) Archive regions: 2->2
[2025-12-05T19:59:35.083-0500][gc,heap     ] GC(1) Humongous regions: 0->0
[2025-12-05T19:59:35.083-0500][gc,metaspace] GC(1) Metaspace: 21298K(21504K)->21298K(21504K) NonClass: 18662K(18752K)->18662K(18752K) Class: 2636K(2752K)->2636K(2752K)
[2025-12-05T19:59:35.083-0500][gc          ] GC(1) Pause Young (Concurrent Start) (Metadata GC Threshold) 24M->10M(1024M) 4.619ms
[2025-12-05T19:59:35.083-0500][gc,cpu      ] GC(1) User=0.00s Sys=0.02s Real=0.00s
[2025-12-05T19:59:35.083-0500][gc          ] GC(2) Concurrent Mark Cycle
[2025-12-05T19:59:35.083-0500][gc,marking  ] GC(2) Concurrent Clear Claimed Marks
[2025-12-05T19:59:35.084-0500][gc,marking  ] GC(2) Concurrent Clear Claimed Marks 0.185ms
[2025-12-05T19:59:35.084-0500][gc,marking  ] GC(2) Concurrent Scan Root Regions
[2025-12-05T19:59:35.085-0500][gc,marking  ] GC(2) Concurrent Scan Root Regions 1.337ms
[2025-12-05T19:59:35.086-0500][gc,marking  ] GC(2) Concurrent Mark
[2025-12-05T19:59:35.086-0500][gc,marking  ] GC(2) Concurrent Mark From Roots
[2025-12-05T19:59:35.086-0500][gc,task     ] GC(2) Using 3 workers of 3 for marking
[2025-12-05T19:59:35.087-0500][gc,marking  ] GC(2) Concurrent Mark From Roots 1.149ms
[2025-12-05T19:59:35.087-0500][gc,marking  ] GC(2) Concurrent Preclean
[2025-12-05T19:59:35.087-0500][gc,marking  ] GC(2) Concurrent Preclean 0.203ms
[2025-12-05T19:59:35.087-0500][gc,start    ] GC(2) Pause Remark
[2025-12-05T19:59:35.089-0500][gc          ] GC(2) Pause Remark 11M->11M(1024M) 1.460ms
[2025-12-05T19:59:35.089-0500][gc,cpu      ] GC(2) User=0.00s Sys=0.01s Real=0.01s
[2025-12-05T19:59:35.089-0500][gc,marking  ] GC(2) Concurrent Mark 3.525ms
[2025-12-05T19:59:35.089-0500][gc,marking  ] GC(2) Concurrent Rebuild Remembered Sets
[2025-12-05T19:59:35.090-0500][gc,marking  ] GC(2) Concurrent Rebuild Remembered Sets 0.911ms
[2025-12-05T19:59:35.090-0500][gc,start    ] GC(2) Pause Cleanup
[2025-12-05T19:59:35.091-0500][gc          ] GC(2) Pause Cleanup 11M->11M(1024M) 0.271ms
[2025-12-05T19:59:35.091-0500][gc,cpu      ] GC(2) User=0.00s Sys=0.00s Real=0.00s
[2025-12-05T19:59:35.091-0500][gc,marking  ] GC(2) Concurrent Cleanup for Next Mark
[2025-12-05T19:59:35.096-0500][gc,marking  ] GC(2) Concurrent Cleanup for Next Mark 5.254ms
[2025-12-05T19:59:35.097-0500][gc          ] GC(2) Concurrent Mark Cycle 13.339ms
[2025-12-05T19:59:35.837-0500][gc,start    ] GC(3) Pause Young (Normal) (G1 Evacuation Pause)
[2025-12-05T19:59:35.837-0500][gc,task     ] GC(3) Using 10 workers of 10 for evacuation
[2025-12-05T19:59:35.840-0500][gc,phases   ] GC(3)   Pre Evacuate Collection Set: 0.2ms
[2025-12-05T19:59:35.840-0500][gc,phases   ] GC(3)   Merge Heap Roots: 0.2ms
[2025-12-05T19:59:35.840-0500][gc,phases   ] GC(3)   Evacuate Collection Set: 2.0ms
[2025-12-05T19:59:35.840-0500][gc,phases   ] GC(3)   Post Evacuate Collection Set: 0.5ms
[2025-12-05T19:59:35.840-0500][gc,phases   ] GC(3)   Other: 0.3ms
[2025-12-05T19:59:35.840-0500][gc,heap     ] GC(3) Eden regions: 49->0(45)
[2025-12-05T19:59:35.840-0500][gc,heap     ] GC(3) Survivor regions: 2->6(7)
[2025-12-05T19:59:35.841-0500][gc,heap     ] GC(3) Old regions: 9->9
[2025-12-05T19:59:35.841-0500][gc,heap     ] GC(3) Archive regions: 2->2
[2025-12-05T19:59:35.841-0500][gc,heap     ] GC(3) Humongous regions: 0->0
[2025-12-05T19:59:35.841-0500][gc,metaspace] GC(3) Metaspace: 33581K(33920K)->33581K(33920K) NonClass: 29694K(29888K)->29694K(29888K) Class: 3886K(4032K)->3886K(4032K)
[2025-12-05T19:59:35.841-0500][gc          ] GC(3) Pause Young (Normal) (G1 Evacuation Pause) 59M->15M(1024M) 4.576ms
[2025-12-05T19:59:35.841-0500][gc,cpu      ] GC(3) User=0.01s Sys=0.00s Real=0.00s
[2025-12-05T19:59:36.007-0500][gc,start    ] GC(4) Pause Young (Concurrent Start) (Metadata GC Threshold)
[2025-12-05T19:59:36.007-0500][gc,task     ] GC(4) Using 10 workers of 10 for evacuation
[2025-12-05T19:59:36.010-0500][gc,phases   ] GC(4)   Pre Evacuate Collection Set: 0.2ms
[2025-12-05T19:59:36.010-0500][gc,phases   ] GC(4)   Merge Heap Roots: 0.1ms
[2025-12-05T19:59:36.011-0500][gc,phases   ] GC(4)   Evacuate Collection Set: 2.3ms
[2025-12-05T19:59:36.011-0500][gc,phases   ] GC(4)   Post Evacuate Collection Set: 0.5ms
[2025-12-05T19:59:36.011-0500][gc,phases   ] GC(4)   Other: 0.3ms
[2025-12-05T19:59:36.011-0500][gc,heap     ] GC(4) Eden regions: 11->0(49)
[2025-12-05T19:59:36.011-0500][gc,heap     ] GC(4) Survivor regions: 6->2(7)
[2025-12-05T19:59:36.011-0500][gc,heap     ] GC(4) Old regions: 9->14
[2025-12-05T19:59:36.011-0500][gc,heap     ] GC(4) Archive regions: 2->2
[2025-12-05T19:59:36.011-0500][gc,heap     ] GC(4) Humongous regions: 9->9
[2025-12-05T19:59:36.012-0500][gc,metaspace] GC(4) Metaspace: 35649K(36096K)->35649K(36096K) NonClass: 31495K(31744K)->31495K(31744K) Class: 4153K(4352K)->4153K(4352K)
[2025-12-05T19:59:36.012-0500][gc          ] GC(4) Pause Young (Concurrent Start) (Metadata GC Threshold) 34M->25M(1024M) 4.902ms
[2025-12-05T19:59:36.012-0500][gc,cpu      ] GC(4) User=0.01s Sys=0.02s Real=0.01s
[2025-12-05T19:59:36.012-0500][gc          ] GC(5) Concurrent Mark Cycle
[2025-12-05T19:59:36.013-0500][gc,marking  ] GC(5) Concurrent Clear Claimed Marks
[2025-12-05T19:59:36.013-0500][gc,marking  ] GC(5) Concurrent Clear Claimed Marks 0.182ms
[2025-12-05T19:59:36.013-0500][gc,marking  ] GC(5) Concurrent Scan Root Regions
[2025-12-05T19:59:36.014-0500][gc,marking  ] GC(5) Concurrent Scan Root Regions 1.136ms
[2025-12-05T19:59:36.014-0500][gc,marking  ] GC(5) Concurrent Mark
[2025-12-05T19:59:36.014-0500][gc,marking  ] GC(5) Concurrent Mark From Roots
[2025-12-05T19:59:36.014-0500][gc,task     ] GC(5) Using 3 workers of 3 for marking
[2025-12-05T19:59:36.017-0500][gc,marking  ] GC(5) Concurrent Mark From Roots 2.681ms
[2025-12-05T19:59:36.017-0500][gc,marking  ] GC(5) Concurrent Preclean
[2025-12-05T19:59:36.017-0500][gc,marking  ] GC(5) Concurrent Preclean 0.241ms
[2025-12-05T19:59:36.018-0500][gc,start    ] GC(5) Pause Remark
[2025-12-05T19:59:36.020-0500][gc          ] GC(5) Pause Remark 26M->26M(1024M) 1.487ms
[2025-12-05T19:59:36.020-0500][gc,cpu      ] GC(5) User=0.01s Sys=0.00s Real=0.00s
[2025-12-05T19:59:36.020-0500][gc,marking  ] GC(5) Concurrent Mark 5.767ms
[2025-12-05T19:59:36.020-0500][gc,marking  ] GC(5) Concurrent Rebuild Remembered Sets
[2025-12-05T19:59:36.022-0500][gc,marking  ] GC(5) Concurrent Rebuild Remembered Sets 2.058ms
[2025-12-05T19:59:36.022-0500][gc,start    ] GC(5) Pause Cleanup
[2025-12-05T19:59:36.023-0500][gc          ] GC(5) Pause Cleanup 27M->27M(1024M) 0.276ms
[2025-12-05T19:59:36.023-0500][gc,cpu      ] GC(5) User=0.00s Sys=0.00s Real=0.00s
[2025-12-05T19:59:36.023-0500][gc,marking  ] GC(5) Concurrent Cleanup for Next Mark
[2025-12-05T19:59:36.029-0500][gc,marking  ] GC(5) Concurrent Cleanup for Next Mark 5.686ms
[2025-12-05T19:59:36.029-0500][gc          ] GC(5) Concurrent Mark Cycle 16.812ms
[2025-12-05T19:59:36.473-0500][gc,start    ] GC(6) Pause Young (Normal) (G1 Evacuation Pause)
[2025-12-05T19:59:36.474-0500][gc,task     ] GC(6) Using 10 workers of 10 for evacuation
[2025-12-05T19:59:36.477-0500][gc,phases   ] GC(6)   Pre Evacuate Collection Set: 0.2ms
[2025-12-05T19:59:36.477-0500][gc,phases   ] GC(6)   Merge Heap Roots: 0.1ms
[2025-12-05T19:59:36.477-0500][gc,phases   ] GC(6)   Evacuate Collection Set: 1.9ms
[2025-12-05T19:59:36.477-0500][gc,phases   ] GC(6)   Post Evacuate Collection Set: 0.7ms
[2025-12-05T19:59:36.477-0500][gc,phases   ] GC(6)   Other: 0.6ms
[2025-12-05T19:59:36.477-0500][gc,heap     ] GC(6) Eden regions: 49->0(44)
[2025-12-05T19:59:36.478-0500][gc,heap     ] GC(6) Survivor regions: 2->7(7)
[2025-12-05T19:59:36.478-0500][gc,heap     ] GC(6) Old regions: 14->16
[2025-12-05T19:59:36.478-0500][gc,heap     ] GC(6) Archive regions: 2->2
[2025-12-05T19:59:36.478-0500][gc,heap     ] GC(6) Humongous regions: 138->138
[2025-12-05T19:59:36.478-0500][gc,metaspace] GC(6) Metaspace: 43565K(44352K)->43565K(44352K) NonClass: 38411K(38784K)->38411K(38784K) Class: 5154K(5568K)->5154K(5568K)
[2025-12-05T19:59:36.478-0500][gc          ] GC(6) Pause Young (Normal) (G1 Evacuation Pause) 203M->161M(1024M) 4.739ms
[2025-12-05T19:59:36.478-0500][gc,cpu      ] GC(6) User=0.02s Sys=0.00s Real=0.01s
[2025-12-05T20:00:54.068-0500][gc,start    ] GC(7) Pause Young (Normal) (G1 Evacuation Pause)
[2025-12-05T20:00:54.068-0500][gc,task     ] GC(7) Using 10 workers of 10 for evacuation
[2025-12-05T20:00:54.072-0500][gc,phases   ] GC(7)   Pre Evacuate Collection Set: 0.2ms
[2025-12-05T20:00:54.072-0500][gc,phases   ] GC(7)   Merge Heap Roots: 0.1ms
[2025-12-05T20:00:54.072-0500][gc,phases   ] GC(7)   Evacuate Collection Set: 2.9ms
[2025-12-05T20:00:54.072-0500][gc,phases   ] GC(7)   Post Evacuate Collection Set: 0.7ms
[2025-12-05T20:00:54.072-0500][gc,phases   ] GC(7)   Other: 0.4ms
[2025-12-05T20:00:54.073-0500][gc,heap     ] GC(7) Eden regions: 44->0(47)
[2025-12-05T20:00:54.073-0500][gc,heap     ] GC(7) Survivor regions: 7->4(7)
[2025-12-05T20:00:54.073-0500][gc,heap     ] GC(7) Old regions: 16->23
[2025-12-05T20:00:54.073-0500][gc,heap     ] GC(7) Archive regions: 2->2
[2025-12-05T20:00:54.073-0500][gc,heap     ] GC(7) Humongous regions: 139->139
[2025-12-05T20:00:54.073-0500][gc,metaspace] GC(7) Metaspace: 48006K(49024K)->48006K(49024K) NonClass: 42205K(42752K)->42205K(42752K) Class: 5801K(6272K)->5801K(6272K)
[2025-12-05T20:00:54.073-0500][gc          ] GC(7) Pause Young (Normal) (G1 Evacuation Pause) 206M->165M(1024M) 5.768ms
[2025-12-05T20:00:54.073-0500][gc,cpu      ] GC(7) User=0.03s Sys=0.00s Real=0.00s
[2025-12-05T20:05:16.808-0500][gc,start    ] GC(8) Pause Young (Normal) (G1 Evacuation Pause)
[2025-12-05T20:05:16.808-0500][gc,task     ] GC(8) Using 10 workers of 10 for evacuation
[2025-12-05T20:05:16.811-0500][gc,phases   ] GC(8)   Pre Evacuate Collection Set: 0.2ms
[2025-12-05T20:05:16.811-0500][gc,phases   ] GC(8)   Merge Heap Roots: 0.1ms
[2025-12-05T20:05:16.811-0500][gc,phases   ] GC(8)   Evacuate Collection Set: 1.7ms
[2025-12-05T20:05:16.811-0500][gc,phases   ] GC(8)   Post Evacuate Collection Set: 0.7ms
[2025-12-05T20:05:16.812-0500][gc,phases   ] GC(8)   Other: 0.4ms
[2025-12-05T20:05:16.812-0500][gc,heap     ] GC(8) Eden regions: 47->0(46)
[2025-12-05T20:05:16.812-0500][gc,heap     ] GC(8) Survivor regions: 4->5(7)
[2025-12-05T20:05:16.812-0500][gc,heap     ] GC(8) Old regions: 23->23
[2025-12-05T20:05:16.812-0500][gc,heap     ] GC(8) Archive regions: 2->2
[2025-12-05T20:05:16.812-0500][gc,heap     ] GC(8) Humongous regions: 139->139
[2025-12-05T20:05:16.812-0500][gc,metaspace] GC(8) Metaspace: 50066K(51072K)->50066K(51072K) NonClass: 44133K(44672K)->44133K(44672K) Class: 5932K(6400K)->5932K(6400K)
[2025-12-05T20:05:16.812-0500][gc          ] GC(8) Pause Young (Normal) (G1 Evacuation Pause) 212M->167M(1024M) 4.481ms
[2025-12-05T20:05:16.813-0500][gc,cpu      ] GC(8) User=0.02s Sys=0.00s Real=0.01s
[2025-12-05T20:10:03.445-0500][gc,start    ] GC(9) Pause Young (Normal) (G1 Evacuation Pause)
[2025-12-05T20:10:03.445-0500][gc,task     ] GC(9) Using 10 workers of 10 for evacuation
[2025-12-05T20:10:03.448-0500][gc,phases   ] GC(9)   Pre Evacuate Collection Set: 0.2ms
[2025-12-05T20:10:03.448-0500][gc,phases   ] GC(9)   Merge Heap Roots: 0.1ms
[2025-12-05T20:10:03.449-0500][gc,phases   ] GC(9)   Evacuate Collection Set: 1.8ms
[2025-12-05T20:10:03.449-0500][gc,phases   ] GC(9)   Post Evacuate Collection Set: 0.6ms
[2025-12-05T20:10:03.449-0500][gc,phases   ] GC(9)   Other: 0.4ms
[2025-12-05T20:10:03.449-0500][gc,heap     ] GC(9) Eden regions: 46->0(62)
[2025-12-05T20:10:03.449-0500][gc,heap     ] GC(9) Survivor regions: 5->3(7)
[2025-12-05T20:10:03.449-0500][gc,heap     ] GC(9) Old regions: 23->26
[2025-12-05T20:10:03.449-0500][gc,heap     ] GC(9) Archive regions: 2->2
[2025-12-05T20:10:03.450-0500][gc,heap     ] GC(9) Humongous regions: 139->139
[2025-12-05T20:10:03.450-0500][gc,metaspace] GC(9) Metaspace: 50280K(51328K)->50280K(51328K) NonClass: 44341K(44928K)->44341K(44928K) Class: 5938K(6400K)->5938K(6400K)
[2025-12-05T20:10:03.450-0500][gc          ] GC(9) Pause Young (Normal) (G1 Evacuation Pause) 213M->168M(1024M) 4.610ms
[2025-12-05T20:10:03.450-0500][gc,cpu      ] GC(9) User=0.02s Sys=0.01s Real=0.01s
[2025-12-05T20:16:39.195-0500][gc,start    ] GC(10) Pause Young (Normal) (G1 Evacuation Pause)
[2025-12-05T20:16:39.195-0500][gc,task     ] GC(10) Using 10 workers of 10 for evacuation
[2025-12-05T20:16:39.198-0500][gc,phases   ] GC(10)   Pre Evacuate Collection Set: 0.3ms
[2025-12-05T20:16:39.198-0500][gc,phases   ] GC(10)   Merge Heap Roots: 0.2ms
[2025-12-05T20:16:39.198-0500][gc,phases   ] GC(10)   Evacuate Collection Set: 1.5ms
[2025-12-05T20:16:39.198-0500][gc,phases   ] GC(10)   Post Evacuate Collection Set: 0.5ms
[2025-12-05T20:16:39.198-0500][gc,phases   ] GC(10)   Other: 0.4ms
[2025-12-05T20:16:39.198-0500][gc,heap     ] GC(10) Eden regions: 62->0(125)
[2025-12-05T20:16:39.198-0500][gc,heap     ] GC(10) Survivor regions: 3->4(9)
[2025-12-05T20:16:39.199-0500][gc,heap     ] GC(10) Old regions: 26->26
[2025-12-05T20:16:39.199-0500][gc,heap     ] GC(10) Archive regions: 2->2
[2025-12-05T20:16:39.199-0500][gc,heap     ] GC(10) Humongous regions: 140->140
[2025-12-05T20:16:39.199-0500][gc,metaspace] GC(10) Metaspace: 50448K(51520K)->50448K(51520K) NonClass: 44503K(45056K)->44503K(45056K) Class: 5945K(6464K)->5945K(6464K)
[2025-12-05T20:16:39.199-0500][gc          ] GC(10) Pause Young (Normal) (G1 Evacuation Pause) 231M->169M(1024M) 4.334ms
[2025-12-05T20:16:39.199-0500][gc,cpu      ] GC(10) User=0.01s Sys=0.00s Real=0.01s
