[2025-12-05 20:00:49,825] INFO [Broker id=1] Transitioning 50 partition(s) to local leaders. (state.change.logger)
[2025-12-05 20:00:49,833] INFO [Broker id=1] Creating new partition __consumer_offsets-13 with topic id jlR1HmRyQTi1ufBi_2g9MA. (state.change.logger)
[2025-12-05 20:00:49,840] INFO [Broker id=1] Leader __consumer_offsets-13 with topic id Some(jlR1HmRyQTi1ufBi_2g9MA) starts at leader epoch 0 from offset 0 with partition epoch 0, high watermark 0, ISR [1], adding replicas [] and removing replicas [] . Previous leader None and previous leader epoch was -1. (state.change.logger)
[2025-12-05 20:00:49,857] INFO [Broker id=1] Creating new partition __consumer_offsets-46 with topic id jlR1HmRyQTi1ufBi_2g9MA. (state.change.logger)
[2025-12-05 20:00:49,861] INFO [Broker id=1] Leader __consumer_offsets-46 with topic id Some(jlR1HmRyQTi1ufBi_2g9MA) starts at leader epoch 0 from offset 0 with partition epoch 0, high watermark 0, ISR [1], adding replicas [] and removing replicas [] . Previous leader None and previous leader epoch was -1. (state.change.logger)
[2025-12-05 20:00:49,879] INFO [Broker id=1] Creating new partition __consumer_offsets-9 with topic id jlR1HmRyQTi1ufBi_2g9MA. (state.change.logger)
[2025-12-05 20:00:49,882] INFO [Broker id=1] Leader __consumer_offsets-9 with topic id Some(jlR1HmRyQTi1ufBi_2g9MA) starts at leader epoch 0 from offset 0 with partition epoch 0, high watermark 0, ISR [1], adding replicas [] and removing replicas [] . Previous leader None and previous leader epoch was -1. (state.change.logger)
[2025-12-05 20:00:49,901] INFO [Broker id=1] Creating new partition __consumer_offsets-42 with topic id jlR1HmRyQTi1ufBi_2g9MA. (state.change.logger)
[2025-12-05 20:00:49,904] INFO [Broker id=1] Leader __consumer_offsets-42 with topic id Some(jlR1HmRyQTi1ufBi_2g9MA) starts at leader epoch 0 from offset 0 with partition epoch 0, high watermark 0, ISR [1], adding replicas [] and removing replicas [] . Previous leader None and previous leader epoch was -1. (state.change.logger)
[2025-12-05 20:00:49,922] INFO [Broker id=1] Creating new partition __consumer_offsets-21 with topic id jlR1HmRyQTi1ufBi_2g9MA. (state.change.logger)
[2025-12-05 20:00:49,926] INFO [Broker id=1] Leader __consumer_offsets-21 with topic id Some(jlR1HmRyQTi1ufBi_2g9MA) starts at leader epoch 0 from offset 0 with partition epoch 0, high watermark 0, ISR [1], adding replicas [] and removing replicas [] . Previous leader None and previous leader epoch was -1. (state.change.logger)
[2025-12-05 20:00:49,944] INFO [Broker id=1] Creating new partition __consumer_offsets-17 with topic id jlR1HmRyQTi1ufBi_2g9MA. (state.change.logger)
[2025-12-05 20:00:49,947] INFO [Broker id=1] Leader __consumer_offsets-17 with topic id Some(jlR1HmRyQTi1ufBi_2g9MA) starts at leader epoch 0 from offset 0 with partition epoch 0, high watermark 0, ISR [1], adding replicas [] and removing replicas [] . Previous leader None and previous leader epoch was -1. (state.change.logger)
[2025-12-05 20:00:49,965] INFO [Broker id=1] Creating new partition __consumer_offsets-30 with topic id jlR1HmRyQTi1ufBi_2g9MA. (state.change.logger)
[2025-12-05 20:00:49,969] INFO [Broker id=1] Leader __consumer_offsets-30 with topic id Some(jlR1HmRyQTi1ufBi_2g9MA) starts at leader epoch 0 from offset 0 with partition epoch 0, high watermark 0, ISR [1], adding replicas [] and removing replicas [] . Previous leader None and previous leader epoch was -1. (state.change.logger)
[2025-12-05 20:00:49,987] INFO [Broker id=1] Creating new partition __consumer_offsets-26 with topic id jlR1HmRyQTi1ufBi_2g9MA. (state.change.logger)
[2025-12-05 20:00:49,991] INFO [Broker id=1] Leader __consumer_offsets-26 with topic id Some(jlR1HmRyQTi1ufBi_2g9MA) starts at leader epoch 0 from offset 0 with partition epoch 0, high watermark 0, ISR [1], adding replicas [] and removing replicas [] . Previous leader None and previous leader epoch was -1. (state.change.logger)
[2025-12-05 20:00:50,012] INFO [Broker id=1] Creating new partition __consumer_offsets-5 with topic id jlR1HmRyQTi1ufBi_2g9MA. (state.change.logger)
[2025-12-05 20:00:50,015] INFO [Broker id=1] Leader __consumer_offsets-5 with topic id Some(jlR1HmRyQTi1ufBi_2g9MA) starts at leader epoch 0 from offset 0 with partition epoch 0, high watermark 0, ISR [1], adding replicas [] and removing replicas [] . Previous leader None and previous leader epoch was -1. (state.change.logger)
[2025-12-05 20:00:50,033] INFO [Broker id=1] Creating new partition __consumer_offsets-38 with topic id jlR1HmRyQTi1ufBi_2g9MA. (state.change.logger)
[2025-12-05 20:00:50,037] INFO [Broker id=1] Leader __consumer_offsets-38 with topic id Some(jlR1HmRyQTi1ufBi_2g9MA) starts at leader epoch 0 from offset 0 with partition epoch 0, high watermark 0, ISR [1], adding replicas [] and removing replicas [] . Previous leader None and previous leader epoch was -1. (state.change.logger)
[2025-12-05 20:00:50,056] INFO [Broker id=1] Creating new partition __consumer_offsets-1 with topic id jlR1HmRyQTi1ufBi_2g9MA. (state.change.logger)
[2025-12-05 20:00:50,059] INFO [Broker id=1] Leader __consumer_offsets-1 with topic id Some(jlR1HmRyQTi1ufBi_2g9MA) starts at leader epoch 0 from offset 0 with partition epoch 0, high watermark 0, ISR [1], adding replicas [] and removing replicas [] . Previous leader None and previous leader epoch was -1. (state.change.logger)
[2025-12-05 20:00:50,079] INFO [Broker id=1] Creating new partition __consumer_offsets-34 with topic id jlR1HmRyQTi1ufBi_2g9MA. (state.change.logger)
[2025-12-05 20:00:50,083] INFO [Broker id=1] Leader __consumer_offsets-34 with topic id Some(jlR1HmRyQTi1ufBi_2g9MA) starts at leader epoch 0 from offset 0 with partition epoch 0, high watermark 0, ISR [1], adding replicas [] and removing replicas [] . Previous leader None and previous leader epoch was -1. (state.change.logger)
[2025-12-05 20:00:50,101] INFO [Broker id=1] Creating new partition __consumer_offsets-16 with topic id jlR1HmRyQTi1ufBi_2g9MA. (state.change.logger)
[2025-12-05 20:00:50,104] INFO [Broker id=1] Leader __consumer_offsets-16 with topic id Some(jlR1HmRyQTi1ufBi_2g9MA) starts at leader epoch 0 from offset 0 with partition epoch 0, high watermark 0, ISR [1], adding replicas [] and removing replicas [] . Previous leader None and previous leader epoch was -1. (state.change.logger)
[2025-12-05 20:00:50,121] INFO [Broker id=1] Creating new partition __consumer_offsets-45 with topic id jlR1HmRyQTi1ufBi_2g9MA. (state.change.logger)
[2025-12-05 20:00:50,126] INFO [Broker id=1] Leader __consumer_offsets-45 with topic id Some(jlR1HmRyQTi1ufBi_2g9MA) starts at leader epoch 0 from offset 0 with partition epoch 0, high watermark 0, ISR [1], adding replicas [] and removing replicas [] . Previous leader None and previous leader epoch was -1. (state.change.logger)
[2025-12-05 20:00:50,143] INFO [Broker id=1] Creating new partition __consumer_offsets-12 with topic id jlR1HmRyQTi1ufBi_2g9MA. (state.change.logger)
[2025-12-05 20:00:50,146] INFO [Broker id=1] Leader __consumer_offsets-12 with topic id Some(jlR1HmRyQTi1ufBi_2g9MA) starts at leader epoch 0 from offset 0 with partition epoch 0, high watermark 0, ISR [1], adding replicas [] and removing replicas [] . Previous leader None and previous leader epoch was -1. (state.change.logger)
[2025-12-05 20:00:50,168] INFO [Broker id=1] Creating new partition __consumer_offsets-41 with topic id jlR1HmRyQTi1ufBi_2g9MA. (state.change.logger)
[2025-12-05 20:00:50,171] INFO [Broker id=1] Leader __consumer_offsets-41 with topic id Some(jlR1HmRyQTi1ufBi_2g9MA) starts at leader epoch 0 from offset 0 with partition epoch 0, high watermark 0, ISR [1], adding replicas [] and removing replicas [] . Previous leader None and previous leader epoch was -1. (state.change.logger)
[2025-12-05 20:00:50,188] INFO [Broker id=1] Creating new partition __consumer_offsets-24 with topic id jlR1HmRyQTi1ufBi_2g9MA. (state.change.logger)
[2025-12-05 20:00:50,191] INFO [Broker id=1] Leader __consumer_offsets-24 with topic id Some(jlR1HmRyQTi1ufBi_2g9MA) starts at leader epoch 0 from offset 0 with partition epoch 0, high watermark 0, ISR [1], adding replicas [] and removing replicas [] . Previous leader None and previous leader epoch was -1. (state.change.logger)
[2025-12-05 20:00:50,209] INFO [Broker id=1] Creating new partition __consumer_offsets-20 with topic id jlR1HmRyQTi1ufBi_2g9MA. (state.change.logger)
[2025-12-05 20:00:50,211] INFO [Broker id=1] Leader __consumer_offsets-20 with topic id Some(jlR1HmRyQTi1ufBi_2g9MA) starts at leader epoch 0 from offset 0 with partition epoch 0, high watermark 0, ISR [1], adding replicas [] and removing replicas [] . Previous leader None and previous leader epoch was -1. (state.change.logger)
[2025-12-05 20:00:50,229] INFO [Broker id=1] Creating new partition __consumer_offsets-49 with topic id jlR1HmRyQTi1ufBi_2g9MA. (state.change.logger)
[2025-12-05 20:00:50,234] INFO [Broker id=1] Leader __consumer_offsets-49 with topic id Some(jlR1HmRyQTi1ufBi_2g9MA) starts at leader epoch 0 from offset 0 with partition epoch 0, high watermark 0, ISR [1], adding replicas [] and removing replicas [] . Previous leader None and previous leader epoch was -1. (state.change.logger)
[2025-12-05 20:00:50,252] INFO [Broker id=1] Creating new partition __consumer_offsets-0 with topic id jlR1HmRyQTi1ufBi_2g9MA. (state.change.logger)
[2025-12-05 20:00:50,256] INFO [Broker id=1] Leader __consumer_offsets-0 with topic id Some(jlR1HmRyQTi1ufBi_2g9MA) starts at leader epoch 0 from offset 0 with partition epoch 0, high watermark 0, ISR [1], adding replicas [] and removing replicas [] . Previous leader None and previous leader epoch was -1. (state.change.logger)
[2025-12-05 20:00:50,274] INFO [Broker id=1] Creating new partition __consumer_offsets-29 with topic id jlR1HmRyQTi1ufBi_2g9MA. (state.change.logger)
[2025-12-05 20:00:50,277] INFO [Broker id=1] Leader __consumer_offsets-29 with topic id Some(jlR1HmRyQTi1ufBi_2g9MA) starts at leader epoch 0 from offset 0 with partition epoch 0, high watermark 0, ISR [1], adding replicas [] and removing replicas [] . Previous leader None and previous leader epoch was -1. (state.change.logger)
[2025-12-05 20:00:50,294] INFO [Broker id=1] Creating new partition __consumer_offsets-25 with topic id jlR1HmRyQTi1ufBi_2g9MA. (state.change.logger)
[2025-12-05 20:00:50,298] INFO [Broker id=1] Leader __consumer_offsets-25 with topic id Some(jlR1HmRyQTi1ufBi_2g9MA) starts at leader epoch 0 from offset 0 with partition epoch 0, high watermark 0, ISR [1], adding replicas [] and removing replicas [] . Previous leader None and previous leader epoch was -1. (state.change.logger)
[2025-12-05 20:00:50,316] INFO [Broker id=1] Creating new partition __consumer_offsets-8 with topic id jlR1HmRyQTi1ufBi_2g9MA. (state.change.logger)
[2025-12-05 20:00:50,320] INFO [Broker id=1] Leader __consumer_offsets-8 with topic id Some(jlR1HmRyQTi1ufBi_2g9MA) starts at leader epoch 0 from offset 0 with partition epoch 0, high watermark 0, ISR [1], adding replicas [] and removing replicas [] . Previous leader None and previous leader epoch was -1. (state.change.logger)
[2025-12-05 20:00:50,341] INFO [Broker id=1] Creating new partition __consumer_offsets-37 with topic id jlR1HmRyQTi1ufBi_2g9MA. (state.change.logger)
[2025-12-05 20:00:50,344] INFO [Broker id=1] Leader __consumer_offsets-37 with topic id Some(jlR1HmRyQTi1ufBi_2g9MA) starts at leader epoch 0 from offset 0 with partition epoch 0, high watermark 0, ISR [1], adding replicas [] and removing replicas [] . Previous leader None and previous leader epoch was -1. (state.change.logger)
[2025-12-05 20:00:50,362] INFO [Broker id=1] Creating new partition __consumer_offsets-4 with topic id jlR1HmRyQTi1ufBi_2g9MA. (state.change.logger)
[2025-12-05 20:00:50,365] INFO [Broker id=1] Leader __consumer_offsets-4 with topic id Some(jlR1HmRyQTi1ufBi_2g9MA) starts at leader epoch 0 from offset 0 with partition epoch 0, high watermark 0, ISR [1], adding replicas [] and removing replicas [] . Previous leader None and previous leader epoch was -1. (state.change.logger)
[2025-12-05 20:00:50,383] INFO [Broker id=1] Creating new partition __consumer_offsets-33 with topic id jlR1HmRyQTi1ufBi_2g9MA. (state.change.logger)
[2025-12-05 20:00:50,386] INFO [Broker id=1] Leader __consumer_offsets-33 with topic id Some(jlR1HmRyQTi1ufBi_2g9MA) starts at leader epoch 0 from offset 0 with partition epoch 0, high watermark 0, ISR [1], adding replicas [] and removing replicas [] . Previous leader None and previous leader epoch was -1. (state.change.logger)
[2025-12-05 20:00:50,403] INFO [Broker id=1] Creating new partition __consumer_offsets-15 with topic id jlR1HmRyQTi1ufBi_2g9MA. (state.change.logger)
[2025-12-05 20:00:50,407] INFO [Broker id=1] Leader __consumer_offsets-15 with topic id Some(jlR1HmRyQTi1ufBi_2g9MA) starts at leader epoch 0 from offset 0 with partition epoch 0, high watermark 0, ISR [1], adding replicas [] and removing replicas [] . Previous leader None and previous leader epoch was -1. (state.change.logger)
[2025-12-05 20:00:50,425] INFO [Broker id=1] Creating new partition __consumer_offsets-48 with topic id jlR1HmRyQTi1ufBi_2g9MA. (state.change.logger)
[2025-12-05 20:00:50,428] INFO [Broker id=1] Leader __consumer_offsets-48 with topic id Some(jlR1HmRyQTi1ufBi_2g9MA) starts at leader epoch 0 from offset 0 with partition epoch 0, high watermark 0, ISR [1], adding replicas [] and removing replicas [] . Previous leader None and previous leader epoch was -1. (state.change.logger)
[2025-12-05 20:00:50,446] INFO [Broker id=1] Creating new partition __consumer_offsets-11 with topic id jlR1HmRyQTi1ufBi_2g9MA. (state.change.logger)
[2025-12-05 20:00:50,449] INFO [Broker id=1] Leader __consumer_offsets-11 with topic id Some(jlR1HmRyQTi1ufBi_2g9MA) starts at leader epoch 0 from offset 0 with partition epoch 0, high watermark 0, ISR [1], adding replicas [] and removing replicas [] . Previous leader None and previous leader epoch was -1. (state.change.logger)
[2025-12-05 20:00:50,467] INFO [Broker id=1] Creating new partition __consumer_offsets-44 with topic id jlR1HmRyQTi1ufBi_2g9MA. (state.change.logger)
[2025-12-05 20:00:50,469] INFO [Broker id=1] Leader __consumer_offsets-44 with topic id Some(jlR1HmRyQTi1ufBi_2g9MA) starts at leader epoch 0 from offset 0 with partition epoch 0, high watermark 0, ISR [1], adding replicas [] and removing replicas [] . Previous leader None and previous leader epoch was -1. (state.change.logger)
[2025-12-05 20:00:50,488] INFO [Broker id=1] Creating new partition __consumer_offsets-23 with topic id jlR1HmRyQTi1ufBi_2g9MA. (state.change.logger)
[2025-12-05 20:00:50,490] INFO [Broker id=1] Leader __consumer_offsets-23 with topic id Some(jlR1HmRyQTi1ufBi_2g9MA) starts at leader epoch 0 from offset 0 with partition epoch 0, high watermark 0, ISR [1], adding replicas [] and removing replicas [] . Previous leader None and previous leader epoch was -1. (state.change.logger)
[2025-12-05 20:00:50,511] INFO [Broker id=1] Creating new partition __consumer_offsets-19 with topic id jlR1HmRyQTi1ufBi_2g9MA. (state.change.logger)
[2025-12-05 20:00:50,515] INFO [Broker id=1] Leader __consumer_offsets-19 with topic id Some(jlR1HmRyQTi1ufBi_2g9MA) starts at leader epoch 0 from offset 0 with partition epoch 0, high watermark 0, ISR [1], adding replicas [] and removing replicas [] . Previous leader None and previous leader epoch was -1. (state.change.logger)
[2025-12-05 20:00:50,532] INFO [Broker id=1] Creating new partition __consumer_offsets-32 with topic id jlR1HmRyQTi1ufBi_2g9MA. (state.change.logger)
[2025-12-05 20:00:50,537] INFO [Broker id=1] Leader __consumer_offsets-32 with topic id Some(jlR1HmRyQTi1ufBi_2g9MA) starts at leader epoch 0 from offset 0 with partition epoch 0, high watermark 0, ISR [1], adding replicas [] and removing replicas [] . Previous leader None and previous leader epoch was -1. (state.change.logger)
[2025-12-05 20:00:50,554] INFO [Broker id=1] Creating new partition __consumer_offsets-28 with topic id jlR1HmRyQTi1ufBi_2g9MA. (state.change.logger)
[2025-12-05 20:00:50,557] INFO [Broker id=1] Leader __consumer_offsets-28 with topic id Some(jlR1HmRyQTi1ufBi_2g9MA) starts at leader epoch 0 from offset 0 with partition epoch 0, high watermark 0, ISR [1], adding replicas [] and removing replicas [] . Previous leader None and previous leader epoch was -1. (state.change.logger)
[2025-12-05 20:00:50,580] INFO [Broker id=1] Creating new partition __consumer_offsets-7 with topic id jlR1HmRyQTi1ufBi_2g9MA. (state.change.logger)
[2025-12-05 20:00:50,583] INFO [Broker id=1] Leader __consumer_offsets-7 with topic id Some(jlR1HmRyQTi1ufBi_2g9MA) starts at leader epoch 0 from offset 0 with partition epoch 0, high watermark 0, ISR [1], adding replicas [] and removing replicas [] . Previous leader None and previous leader epoch was -1. (state.change.logger)
[2025-12-05 20:00:50,601] INFO [Broker id=1] Creating new partition __consumer_offsets-40 with topic id jlR1HmRyQTi1ufBi_2g9MA. (state.change.logger)
[2025-12-05 20:00:50,603] INFO [Broker id=1] Leader __consumer_offsets-40 with topic id Some(jlR1HmRyQTi1ufBi_2g9MA) starts at leader epoch 0 from offset 0 with partition epoch 0, high watermark 0, ISR [1], adding replicas [] and removing replicas [] . Previous leader None and previous leader epoch was -1. (state.change.logger)
[2025-12-05 20:00:50,621] INFO [Broker id=1] Creating new partition __consumer_offsets-3 with topic id jlR1HmRyQTi1ufBi_2g9MA. (state.change.logger)
[2025-12-05 20:00:50,624] INFO [Broker id=1] Leader __consumer_offsets-3 with topic id Some(jlR1HmRyQTi1ufBi_2g9MA) starts at leader epoch 0 from offset 0 with partition epoch 0, high watermark 0, ISR [1], adding replicas [] and removing replicas [] . Previous leader None and previous leader epoch was -1. (state.change.logger)
[2025-12-05 20:00:50,642] INFO [Broker id=1] Creating new partition __consumer_offsets-36 with topic id jlR1HmRyQTi1ufBi_2g9MA. (state.change.logger)
[2025-12-05 20:00:50,645] INFO [Broker id=1] Leader __consumer_offsets-36 with topic id Some(jlR1HmRyQTi1ufBi_2g9MA) starts at leader epoch 0 from offset 0 with partition epoch 0, high watermark 0, ISR [1], adding replicas [] and removing replicas [] . Previous leader None and previous leader epoch was -1. (state.change.logger)
[2025-12-05 20:00:50,663] INFO [Broker id=1] Creating new partition __consumer_offsets-47 with topic id jlR1HmRyQTi1ufBi_2g9MA. (state.change.logger)
[2025-12-05 20:00:50,665] INFO [Broker id=1] Leader __consumer_offsets-47 with topic id Some(jlR1HmRyQTi1ufBi_2g9MA) starts at leader epoch 0 from offset 0 with partition epoch 0, high watermark 0, ISR [1], adding replicas [] and removing replicas [] . Previous leader None and previous leader epoch was -1. (state.change.logger)
[2025-12-05 20:00:50,686] INFO [Broker id=1] Creating new partition __consumer_offsets-14 with topic id jlR1HmRyQTi1ufBi_2g9MA. (state.change.logger)
[2025-12-05 20:00:50,690] INFO [Broker id=1] Leader __consumer_offsets-14 with topic id Some(jlR1HmRyQTi1ufBi_2g9MA) starts at leader epoch 0 from offset 0 with partition epoch 0, high watermark 0, ISR [1], adding replicas [] and removing replicas [] . Previous leader None and previous leader epoch was -1. (state.change.logger)
[2025-12-05 20:00:50,708] INFO [Broker id=1] Creating new partition __consumer_offsets-43 with topic id jlR1HmRyQTi1ufBi_2g9MA. (state.change.logger)
[2025-12-05 20:00:50,711] INFO [Broker id=1] Leader __consumer_offsets-43 with topic id Some(jlR1HmRyQTi1ufBi_2g9MA) starts at leader epoch 0 from offset 0 with partition epoch 0, high watermark 0, ISR [1], adding replicas [] and removing replicas [] . Previous leader None and previous leader epoch was -1. (state.change.logger)
[2025-12-05 20:00:50,729] INFO [Broker id=1] Creating new partition __consumer_offsets-10 with topic id jlR1HmRyQTi1ufBi_2g9MA. (state.change.logger)
[2025-12-05 20:00:50,732] INFO [Broker id=1] Leader __consumer_offsets-10 with topic id Some(jlR1HmRyQTi1ufBi_2g9MA) starts at leader epoch 0 from offset 0 with partition epoch 0, high watermark 0, ISR [1], adding replicas [] and removing replicas [] . Previous leader None and previous leader epoch was -1. (state.change.logger)
[2025-12-05 20:00:50,750] INFO [Broker id=1] Creating new partition __consumer_offsets-22 with topic id jlR1HmRyQTi1ufBi_2g9MA. (state.change.logger)
[2025-12-05 20:00:50,753] INFO [Broker id=1] Leader __consumer_offsets-22 with topic id Some(jlR1HmRyQTi1ufBi_2g9MA) starts at leader epoch 0 from offset 0 with partition epoch 0, high watermark 0, ISR [1], adding replicas [] and removing replicas [] . Previous leader None and previous leader epoch was -1. (state.change.logger)
[2025-12-05 20:00:50,777] INFO [Broker id=1] Creating new partition __consumer_offsets-18 with topic id jlR1HmRyQTi1ufBi_2g9MA. (state.change.logger)
[2025-12-05 20:00:50,779] INFO [Broker id=1] Leader __consumer_offsets-18 with topic id Some(jlR1HmRyQTi1ufBi_2g9MA) starts at leader epoch 0 from offset 0 with partition epoch 0, high watermark 0, ISR [1], adding replicas [] and removing replicas [] . Previous leader None and previous leader epoch was -1. (state.change.logger)
[2025-12-05 20:00:50,797] INFO [Broker id=1] Creating new partition __consumer_offsets-31 with topic id jlR1HmRyQTi1ufBi_2g9MA. (state.change.logger)
[2025-12-05 20:00:50,800] INFO [Broker id=1] Leader __consumer_offsets-31 with topic id Some(jlR1HmRyQTi1ufBi_2g9MA) starts at leader epoch 0 from offset 0 with partition epoch 0, high watermark 0, ISR [1], adding replicas [] and removing replicas [] . Previous leader None and previous leader epoch was -1. (state.change.logger)
[2025-12-05 20:00:50,818] INFO [Broker id=1] Creating new partition __consumer_offsets-27 with topic id jlR1HmRyQTi1ufBi_2g9MA. (state.change.logger)
[2025-12-05 20:00:50,821] INFO [Broker id=1] Leader __consumer_offsets-27 with topic id Some(jlR1HmRyQTi1ufBi_2g9MA) starts at leader epoch 0 from offset 0 with partition epoch 0, high watermark 0, ISR [1], adding replicas [] and removing replicas [] . Previous leader None and previous leader epoch was -1. (state.change.logger)
[2025-12-05 20:00:50,842] INFO [Broker id=1] Creating new partition __consumer_offsets-39 with topic id jlR1HmRyQTi1ufBi_2g9MA. (state.change.logger)
[2025-12-05 20:00:50,845] INFO [Broker id=1] Leader __consumer_offsets-39 with topic id Some(jlR1HmRyQTi1ufBi_2g9MA) starts at leader epoch 0 from offset 0 with partition epoch 0, high watermark 0, ISR [1], adding replicas [] and removing replicas [] . Previous leader None and previous leader epoch was -1. (state.change.logger)
[2025-12-05 20:00:50,864] INFO [Broker id=1] Creating new partition __consumer_offsets-6 with topic id jlR1HmRyQTi1ufBi_2g9MA. (state.change.logger)
[2025-12-05 20:00:50,866] INFO [Broker id=1] Leader __consumer_offsets-6 with topic id Some(jlR1HmRyQTi1ufBi_2g9MA) starts at leader epoch 0 from offset 0 with partition epoch 0, high watermark 0, ISR [1], adding replicas [] and removing replicas [] . Previous leader None and previous leader epoch was -1. (state.change.logger)
[2025-12-05 20:00:50,885] INFO [Broker id=1] Creating new partition __consumer_offsets-35 with topic id jlR1HmRyQTi1ufBi_2g9MA. (state.change.logger)
[2025-12-05 20:00:50,887] INFO [Broker id=1] Leader __consumer_offsets-35 with topic id Some(jlR1HmRyQTi1ufBi_2g9MA) starts at leader epoch 0 from offset 0 with partition epoch 0, high watermark 0, ISR [1], adding replicas [] and removing replicas [] . Previous leader None and previous leader epoch was -1. (state.change.logger)
[2025-12-05 20:00:50,907] INFO [Broker id=1] Creating new partition __consumer_offsets-2 with topic id jlR1HmRyQTi1ufBi_2g9MA. (state.change.logger)
[2025-12-05 20:00:50,909] INFO [Broker id=1] Leader __consumer_offsets-2 with topic id Some(jlR1HmRyQTi1ufBi_2g9MA) starts at leader epoch 0 from offset 0 with partition epoch 0, high watermark 0, ISR [1], adding replicas [] and removing replicas [] . Previous leader None and previous leader epoch was -1. (state.change.logger)
[2025-12-05 20:20:20,210] INFO [Broker id=1] Transitioning 51 partition(s) to local followers. (state.change.logger)
[2025-12-05 20:20:20,210] INFO [Broker id=1] Follower __consumer_offsets-13 starts at leader epoch 1 from offset 0 with partition epoch 1 and high watermark 0. Current leader is -1. Previous leader Some(-1) and previous leader epoch was 1. (state.change.logger)
[2025-12-05 20:20:20,210] INFO [Broker id=1] Follower __consumer_offsets-46 starts at leader epoch 1 from offset 0 with partition epoch 1 and high watermark 0. Current leader is -1. Previous leader Some(-1) and previous leader epoch was 1. (state.change.logger)
[2025-12-05 20:20:20,210] INFO [Broker id=1] Follower __consumer_offsets-9 starts at leader epoch 1 from offset 0 with partition epoch 1 and high watermark 0. Current leader is -1. Previous leader Some(-1) and previous leader epoch was 1. (state.change.logger)
[2025-12-05 20:20:20,211] INFO [Broker id=1] Follower __consumer_offsets-42 starts at leader epoch 1 from offset 0 with partition epoch 1 and high watermark 0. Current leader is -1. Previous leader Some(-1) and previous leader epoch was 1. (state.change.logger)
[2025-12-05 20:20:20,211] INFO [Broker id=1] Follower __consumer_offsets-21 starts at leader epoch 1 from offset 0 with partition epoch 1 and high watermark 0. Current leader is -1. Previous leader Some(-1) and previous leader epoch was 1. (state.change.logger)
[2025-12-05 20:20:20,211] INFO [Broker id=1] Follower __consumer_offsets-17 starts at leader epoch 1 from offset 0 with partition epoch 1 and high watermark 0. Current leader is -1. Previous leader Some(-1) and previous leader epoch was 1. (state.change.logger)
[2025-12-05 20:20:20,211] INFO [Broker id=1] Follower __consumer_offsets-30 starts at leader epoch 1 from offset 0 with partition epoch 1 and high watermark 0. Current leader is -1. Previous leader Some(-1) and previous leader epoch was 1. (state.change.logger)
[2025-12-05 20:20:20,211] INFO [Broker id=1] Follower __consumer_offsets-26 starts at leader epoch 1 from offset 0 with partition epoch 1 and high watermark 0. Current leader is -1. Previous leader Some(-1) and previous leader epoch was 1. (state.change.logger)
[2025-12-05 20:20:20,212] INFO [Broker id=1] Follower __consumer_offsets-5 starts at leader epoch 1 from offset 0 with partition epoch 1 and high watermark 0. Current leader is -1. Previous leader Some(-1) and previous leader epoch was 1. (state.change.logger)
[2025-12-05 20:20:20,212] INFO [Broker id=1] Follower __consumer_offsets-38 starts at leader epoch 1 from offset 0 with partition epoch 1 and high watermark 0. Current leader is -1. Previous leader Some(-1) and previous leader epoch was 1. (state.change.logger)
[2025-12-05 20:20:20,212] INFO [Broker id=1] Follower __consumer_offsets-1 starts at leader epoch 1 from offset 0 with partition epoch 1 and high watermark 0. Current leader is -1. Previous leader Some(-1) and previous leader epoch was 1. (state.change.logger)
[2025-12-05 20:20:20,212] INFO [Broker id=1] Follower __consumer_offsets-34 starts at leader epoch 1 from offset 0 with partition epoch 1 and high watermark 0. Current leader is -1. Previous leader Some(-1) and previous leader epoch was 1. (state.change.logger)
[2025-12-05 20:20:20,212] INFO [Broker id=1] Follower __consumer_offsets-16 starts at leader epoch 1 from offset 0 with partition epoch 1 and high watermark 0. Current leader is -1. Previous leader Some(-1) and previous leader epoch was 1. (state.change.logger)
[2025-12-05 20:20:20,213] INFO [Broker id=1] Follower __consumer_offsets-45 starts at leader epoch 1 from offset 0 with partition epoch 1 and high watermark 0. Current leader is -1. Previous leader Some(-1) and previous leader epoch was 1. (state.change.logger)
[2025-12-05 20:20:20,213] INFO [Broker id=1] Follower __consumer_offsets-12 starts at leader epoch 1 from offset 0 with partition epoch 1 and high watermark 0. Current leader is -1. Previous leader Some(-1) and previous leader epoch was 1. (state.change.logger)
[2025-12-05 20:20:20,213] INFO [Broker id=1] Follower __consumer_offsets-41 starts at leader epoch 1 from offset 6 with partition epoch 1 and high watermark 6. Current leader is -1. Previous leader Some(-1) and previous leader epoch was 1. (state.change.logger)
[2025-12-05 20:20:20,213] INFO [Broker id=1] Follower __consumer_offsets-24 starts at leader epoch 1 from offset 0 with partition epoch 1 and high watermark 0. Current leader is -1. Previous leader Some(-1) and previous leader epoch was 1. (state.change.logger)
[2025-12-05 20:20:20,213] INFO [Broker id=1] Follower __consumer_offsets-20 starts at leader epoch 1 from offset 0 with partition epoch 1 and high watermark 0. Current leader is -1. Previous leader Some(-1) and previous leader epoch was 1. (state.change.logger)
[2025-12-05 20:20:20,214] INFO [Broker id=1] Follower __consumer_offsets-49 starts at leader epoch 1 from offset 0 with partition epoch 1 and high watermark 0. Current leader is -1. Previous leader Some(-1) and previous leader epoch was 1. (state.change.logger)
[2025-12-05 20:20:20,214] INFO [Broker id=1] Follower __consumer_offsets-0 starts at leader epoch 1 from offset 0 with partition epoch 1 and high watermark 0. Current leader is -1. Previous leader Some(-1) and previous leader epoch was 1. (state.change.logger)
[2025-12-05 20:20:20,214] INFO [Broker id=1] Follower __consumer_offsets-29 starts at leader epoch 1 from offset 0 with partition epoch 1 and high watermark 0. Current leader is -1. Previous leader Some(-1) and previous leader epoch was 1. (state.change.logger)
[2025-12-05 20:20:20,214] INFO [Broker id=1] Follower __consumer_offsets-25 starts at leader epoch 1 from offset 0 with partition epoch 1 and high watermark 0. Current leader is -1. Previous leader Some(-1) and previous leader epoch was 1. (state.change.logger)
[2025-12-05 20:20:20,214] INFO [Broker id=1] Follower __consumer_offsets-8 starts at leader epoch 1 from offset 0 with partition epoch 1 and high watermark 0. Current leader is -1. Previous leader Some(-1) and previous leader epoch was 1. (state.change.logger)
[2025-12-05 20:20:20,215] INFO [Broker id=1] Follower __consumer_offsets-37 starts at leader epoch 1 from offset 3 with partition epoch 1 and high watermark 3. Current leader is -1. Previous leader Some(-1) and previous leader epoch was 1. (state.change.logger)
[2025-12-05 20:20:20,215] INFO [Broker id=1] Follower __consumer_offsets-4 starts at leader epoch 1 from offset 0 with partition epoch 1 and high watermark 0. Current leader is -1. Previous leader Some(-1) and previous leader epoch was 1. (state.change.logger)
[2025-12-05 20:20:20,215] INFO [Broker id=1] Follower __consumer_offsets-33 starts at leader epoch 1 from offset 0 with partition epoch 1 and high watermark 0. Current leader is -1. Previous leader Some(-1) and previous leader epoch was 1. (state.change.logger)
[2025-12-05 20:20:20,215] INFO [Broker id=1] Follower __consumer_offsets-15 starts at leader epoch 1 from offset 0 with partition epoch 1 and high watermark 0. Current leader is -1. Previous leader Some(-1) and previous leader epoch was 1. (state.change.logger)
[2025-12-05 20:20:20,215] INFO [Broker id=1] Follower __consumer_offsets-48 starts at leader epoch 1 from offset 0 with partition epoch 1 and high watermark 0. Current leader is -1. Previous leader Some(-1) and previous leader epoch was 1. (state.change.logger)
[2025-12-05 20:20:20,216] INFO [Broker id=1] Follower __consumer_offsets-11 starts at leader epoch 1 from offset 0 with partition epoch 1 and high watermark 0. Current leader is -1. Previous leader Some(-1) and previous leader epoch was 1. (state.change.logger)
[2025-12-05 20:20:20,216] INFO [Broker id=1] Follower __consumer_offsets-44 starts at leader epoch 1 from offset 0 with partition epoch 1 and high watermark 0. Current leader is -1. Previous leader Some(-1) and previous leader epoch was 1. (state.change.logger)
[2025-12-05 20:20:20,216] INFO [Broker id=1] Follower __consumer_offsets-23 starts at leader epoch 1 from offset 0 with partition epoch 1 and high watermark 0. Current leader is -1. Previous leader Some(-1) and previous leader epoch was 1. (state.change.logger)
[2025-12-05 20:20:20,216] INFO [Broker id=1] Follower __consumer_offsets-19 starts at leader epoch 1 from offset 0 with partition epoch 1 and high watermark 0. Current leader is -1. Previous leader Some(-1) and previous leader epoch was 1. (state.change.logger)
[2025-12-05 20:20:20,216] INFO [Broker id=1] Follower __consumer_offsets-32 starts at leader epoch 1 from offset 0 with partition epoch 1 and high watermark 0. Current leader is -1. Previous leader Some(-1) and previous leader epoch was 1. (state.change.logger)
[2025-12-05 20:20:20,216] INFO [Broker id=1] Follower test-topic-0 starts at leader epoch 3 from offset 2 with partition epoch 3 and high watermark 2. Current leader is -1. Previous leader Some(-1) and previous leader epoch was 3. (state.change.logger)
[2025-12-05 20:20:20,217] INFO [Broker id=1] Follower __consumer_offsets-28 starts at leader epoch 1 from offset 0 with partition epoch 1 and high watermark 0. Current leader is -1. Previous leader Some(-1) and previous leader epoch was 1. (state.change.logger)
[2025-12-05 20:20:20,217] INFO [Broker id=1] Follower __consumer_offsets-7 starts at leader epoch 1 from offset 0 with partition epoch 1 and high watermark 0. Current leader is -1. Previous leader Some(-1) and previous leader epoch was 1. (state.change.logger)
[2025-12-05 20:20:20,217] INFO [Broker id=1] Follower __consumer_offsets-40 starts at leader epoch 1 from offset 0 with partition epoch 1 and high watermark 0. Current leader is -1. Previous leader Some(-1) and previous leader epoch was 1. (state.change.logger)
[2025-12-05 20:20:20,217] INFO [Broker id=1] Follower __consumer_offsets-3 starts at leader epoch 1 from offset 0 with partition epoch 1 and high watermark 0. Current leader is -1. Previous leader Some(-1) and previous leader epoch was 1. (state.change.logger)
[2025-12-05 20:20:20,217] INFO [Broker id=1] Follower __consumer_offsets-36 starts at leader epoch 1 from offset 0 with partition epoch 1 and high watermark 0. Current leader is -1. Previous leader Some(-1) and previous leader epoch was 1. (state.change.logger)
[2025-12-05 20:20:20,218] INFO [Broker id=1] Follower __consumer_offsets-47 starts at leader epoch 1 from offset 0 with partition epoch 1 and high watermark 0. Current leader is -1. Previous leader Some(-1) and previous leader epoch was 1. (state.change.logger)
[2025-12-05 20:20:20,218] INFO [Broker id=1] Follower __consumer_offsets-14 starts at leader epoch 1 from offset 0 with partition epoch 1 and high watermark 0. Current leader is -1. Previous leader Some(-1) and previous leader epoch was 1. (state.change.logger)
[2025-12-05 20:20:20,218] INFO [Broker id=1] Follower __consumer_offsets-43 starts at leader epoch 1 from offset 0 with partition epoch 1 and high watermark 0. Current leader is -1. Previous leader Some(-1) and previous leader epoch was 1. (state.change.logger)
[2025-12-05 20:20:20,218] INFO [Broker id=1] Follower __consumer_offsets-10 starts at leader epoch 1 from offset 0 with partition epoch 1 and high watermark 0. Current leader is -1. Previous leader Some(-1) and previous leader epoch was 1. (state.change.logger)
[2025-12-05 20:20:20,219] INFO [Broker id=1] Follower __consumer_offsets-22 starts at leader epoch 1 from offset 0 with partition epoch 1 and high watermark 0. Current leader is -1. Previous leader Some(-1) and previous leader epoch was 1. (state.change.logger)
[2025-12-05 20:20:20,219] INFO [Broker id=1] Follower __consumer_offsets-18 starts at leader epoch 1 from offset 0 with partition epoch 1 and high watermark 0. Current leader is -1. Previous leader Some(-1) and previous leader epoch was 1. (state.change.logger)
[2025-12-05 20:20:20,219] INFO [Broker id=1] Follower __consumer_offsets-31 starts at leader epoch 1 from offset 0 with partition epoch 1 and high watermark 0. Current leader is -1. Previous leader Some(-1) and previous leader epoch was 1. (state.change.logger)
[2025-12-05 20:20:20,219] INFO [Broker id=1] Follower __consumer_offsets-27 starts at leader epoch 1 from offset 0 with partition epoch 1 and high watermark 0. Current leader is -1. Previous leader Some(-1) and previous leader epoch was 1. (state.change.logger)
[2025-12-05 20:20:20,219] INFO [Broker id=1] Follower __consumer_offsets-39 starts at leader epoch 1 from offset 0 with partition epoch 1 and high watermark 0. Current leader is -1. Previous leader Some(-1) and previous leader epoch was 1. (state.change.logger)
[2025-12-05 20:20:20,220] INFO [Broker id=1] Follower __consumer_offsets-6 starts at leader epoch 1 from offset 0 with partition epoch 1 and high watermark 0. Current leader is -1. Previous leader Some(-1) and previous leader epoch was 1. (state.change.logger)
[2025-12-05 20:20:20,220] INFO [Broker id=1] Follower __consumer_offsets-35 starts at leader epoch 1 from offset 0 with partition epoch 1 and high watermark 0. Current leader is -1. Previous leader Some(-1) and previous leader epoch was 1. (state.change.logger)
[2025-12-05 20:20:20,220] INFO [Broker id=1] Follower __consumer_offsets-2 starts at leader epoch 1 from offset 0 with partition epoch 1 and high watermark 0. Current leader is -1. Previous leader Some(-1) and previous leader epoch was 1. (state.change.logger)
[2025-12-05 20:20:20,226] INFO [Broker id=1] Stopped fetchers as part of controlled shutdown for 51 partitions (state.change.logger)
